Microchip MPLAB XC8 Compiler V2.36

Linker command line:

-W-3 --edf=/opt/microchip/xc8/v2.36/pic/dat/en_msgs.txt -cn \
  -h+dist/default/production/controller.X.production.sym \
  --cmf=dist/default/production/controller.X.production.cmf -z -Q12F675 \
  -o/tmp/xcXPMPAPk --defsym=__MPLAB_BUILD=1 \
  -Mdist/default/production/controller.X.production.map \
  --md=/tmp/xcXdPOplg.dat -E1 -ver=XC8 Compiler --acfsm=1493 \
  -ACODE=00h-03FEh -ASTRCODE=00h-03FEh -ASTRING=00h-0FFhx3,0300h-03FEh \
  -ACONST=00h-0FFhx3,0300h-03FEh -AENTRY=00h-0FFhx3,0300h-03FEh \
  -ABANK0=020h-05Dh -ARAM=020h-05Dh -AABS1=020h-05Fh -ACOMMON=05Eh-05Fh \
  -ASFR0=00h-01Fh -ASFR1=080h-0DDh -ACONFIG=02007h-02007h -DCONFIG=2 \
  -AIDLOC=02000h-02003h -DIDLOC=2 -AEEDATA=00h-07Fh/02100h \
  -peeprom_data=EEDATA -DEEDATA=2 -DCODE=2 -DSTRCODE=2 -DSTRING=2 -DCONST=2 \
  -DENTRY=2 -preset_vec=00h,intentry=04h,init,end_init -ppowerup=CODE \
  -pcinit=CODE -pfunctab=ENTRY -posccal=03FFh -k /tmp/xcXKgoOMG.o \
  dist/default/production/controller.X.production.o 

Object code version is 3.11

Machine type is 12F675



                Name                               Link     Load   Length Selector   Space Scale
/tmp/xcXKgoOMG.o
                end_init                              F        F        1        8       0
                reset_vec                             0        0        1        0       0
                config                             2007     2007        1        0       4
                idloc                              2000     2000        4        0       5
dist/default/production/controller.X.production.o
                cinit                                10       10       1E        8       0
                functab                              2E       2E        B       5C       0
                intentry                              4        4        B        8       0
                config                             2007     2007        1        0       4
                idloc                              2000     2000        4        0       5
                text10                              129      129        4       72       0
                text9                               125      125        4       72       0
                text8                               121      121        4       72       0
                text7                               11D      11D        4       72       0
                text6                               113      113        6       72       0
                text5                                39       39       57       72       0
                text4                               10D      10D        6       72       0
                text3                               119      119        4       72       0
                text2                               107      107        6       72       0
                text1                                CE       CE       2F       72       0
                maintext                             90       90       3E       72       0
                cstackBANK0                          20       20       10       20       1
                dataBANK0                            30       30        A       20       1
                bssBANK0                             3A       3A        8       20       1
                idataBANK0                           FD       FD        A       72       0

TOTAL           Name                               Link     Load   Length     Space
        CLASS   CODE           
                end_init                              F        F        1         0
                cinit                                10       10       1E         0
                intentry                              4        4        B         0
                reset_vec                             0        0        1         0
                text10                              129      129        4         0
                text9                               125      125        4         0
                text8                               121      121        4         0
                text7                               11D      11D        4         0
                text6                               113      113        6         0
                text5                                39       39       57         0
                text4                               10D      10D        6         0
                text3                               119      119        4         0
                text2                               107      107        6         0
                text1                                CE       CE       2F         0
                maintext                             90       90       3E         0
                idataBANK0                           FD       FD        A         0

        CLASS   STRCODE        

        CLASS   STRING         

        CLASS   CONST          

        CLASS   ENTRY          
                functab                              2E       2E        B         0

        CLASS   BANK0          
                cstackBANK0                          20       20       10         1
                dataBANK0                            30       30        A         1
                bssBANK0                             3A       3A        8         1

        CLASS   RAM            

        CLASS   ABS1           
                abs_s1                               5E       5E        2         1

        CLASS   COMMON         

        CLASS   SFR0           

        CLASS   SFR1           

        CLASS   CONFIG         
                config                             2007     2007        1         4

        CLASS   IDLOC          
                idloc                              2000     2000        4         5

        CLASS   EEDATA         

        CLASS   BANK1          

        CLASS   STACK          



SEGMENTS        Name                           Load    Length   Top    Selector   Space  Class     Delta

                cstackBANK0                    000020  000022  000042        20       1  BANK0       1
                reset_vec                      000000  000001  000001         0       0  CODE        2
                text5                          000039  0000F4  00012D        72       0  CODE        2
                intentry                       000004  00002A  00002E         8       0  CODE        2
                functab                        00002E  00000B  000039        5C       0  ENTRY       2


UNUSED ADDRESS RANGES

        Name                Unused          Largest block    Delta
        BANK0            0042-005D             1C           1
        CODE             0001-0003              3           2
                         012D-03FE            2D2
        CONST            0001-0003              3           2
                         012D-03FE            100
        EEDATA           2100-217F             80           2
        ENTRY            0001-0003              3           2
                         012D-03FE            100
        RAM              0042-005D             1C           1
        SFR0             0000-001F             20           1
        SFR1             0080-00DD             5E           1
        STRCODE          0001-0003              3           2
                         012D-03FE            2D2
        STRING           0001-0003              3           2
                         012D-03FE            100

                                  Symbol Table

_ADON                              (abs)        00F8
_ANSELbits                         (abs)        009F
_CMCONbits                         (abs)        0019
_CW_CCW_select                     bssBANK0     0041
_GIE                               (abs)        005F
_GPIO0                             (abs)        0028
_GPIO1                             (abs)        0029
_GPIO2                             (abs)        002A
_GPIO3                             (abs)        002B
_GPIO4                             (abs)        002C
_GPIO5                             (abs)        002D
_ISR                               text5        0039
_OF_num_TMR1                       bssBANK0     003C
_PEIE                              (abs)        005E
_T1CONbits                         (abs)        0010
_T1OSCEN                           (abs)        0083
_TMR1                              (abs)        000E
_TMR1CS                            (abs)        0081
_TMR1GE                            (abs)        0086
_TMR1IE                            (abs)        0460
_TMR1IF                            (abs)        0060
_TMR1ON                            (abs)        0080
_TRISIO0                           (abs)        0428
_TRISIO1                           (abs)        0429
_TRISIO2                           (abs)        042A
_TRISIO3                           (abs)        042B
_TRISIO4                           (abs)        042C
_TRISIO5                           (abs)        042D
__Habs1                            abs1         07FE
__Hbank0                           bank0        07FE
__Hbank1                           bank1        07FE
__HbssBANK0                        bssBANK0     07FE
__Hcinit                           cinit        002E
__Hclrtext                         clrtext      07FE
__Hcode                            code         07FE
__Hcommon                          common       07FE
__Hconfig                          config       2008
__HcstackBANK0                     cstackBANK0  07FE
__HcstackCOMMON                    cstackCOMMON 07FE
__HdataBANK0                       dataBANK0    07FE
__Heeprom_data                     eeprom_data  0000
__Hend_init                        end_init     0010
__Hfunctab                         functab      0039
__HidataBANK0                      idataBANK0   07FE
__Hidloc                           idloc        2004
__Hinit                            init         000F
__Hintentry                        intentry     000F
__Hmaintext                        maintext     07FE
__Hosccal                          osccal       03FF
__Hpowerup                         powerup      0000
__Hram                             ram          07FE
__Hreset_vec                       reset_vec    0001
__Hsfr0                            sfr0         07FE
__Hsfr1                            sfr1         07FE
__Hspace_0                         (abs)        07FE
__Hspace_1                         (abs)        07FE
__Hspace_2                         (abs)        07FE
__Hspace_3                         (abs)        0000
__Hspace_4                         (abs)        400F
__Hstack                           stack        07FE
__Hstrings                         strings      07FE
__Htext                            text         07FE
__Labs1                            abs1         07FE
__Lbank0                           bank0        07FE
__Lbank1                           bank1        07FE
__LbssBANK0                        bssBANK0     07FE
__Lcinit                           cinit        0010
__Lclrtext                         clrtext      07FE
__Lcode                            code         07FE
__Lcommon                          common       07FE
__Lconfig                          config       0000
__LcstackBANK0                     cstackBANK0  07FE
__LcstackCOMMON                    cstackCOMMON 07FE
__LdataBANK0                       dataBANK0    07FE
__Leeprom_data                     eeprom_data  0000
__Lend_init                        end_init     000F
__Lfunctab                         functab      002E
__LidataBANK0                      idataBANK0   07FE
__Lidloc                           idloc        0000
__Linit                            init         000F
__Lintentry                        intentry     0004
__Lmaintext                        maintext     07FE
__Losccal                          osccal       03FF
__Lpowerup                         powerup      0000
__Lram                             ram          07FE
__Lreset_vec                       reset_vec    0000
__Lsfr0                            sfr0         07FE
__Lsfr1                            sfr1         07FE
__Lspace_0                         (abs)        0000
__Lspace_1                         (abs)        0000
__Lspace_2                         (abs)        0000
__Lspace_3                         (abs)        0000
__Lspace_4                         (abs)        0000
__Lstack                           stack        07FE
__Lstrings                         strings      07FE
__Ltext                            text         07FE
__S0                               (abs)        012D
__S1                               (abs)        0042
__S3                               (abs)        0000
___int_sp                          stack        07FE
___latbits                         (abs)        0000
___osccal_val                      osccal       03FF
___sp                              stack        07FE
___stackhi                         (abs)        0000
___stacklo                         (abs)        0000
__end_of_ISR                       text5        0090
__end_of__i1fptable                functab      0039
__end_of__initialization           cinit        002C
__end_of_even_pins_clear_set       text8        0125
__end_of_even_pins_set_clear       text9        0129
__end_of_main                      maintext     00CE
__end_of_odd_pins_clear_set        text7        0121
__end_of_odd_pins_set_clear        text10       012D
__end_of_reset_all_pins            text4        0113
__end_of_retrieve_current_position text3        011D
__end_of_start_timer               text1        00FD
__end_of_update_current_position   text2        010D
__end_ofi1_reset_all_pins          text6        0119
__i1fptable                        functab      002F
__initialization                   cinit        0010
__pbssBANK0                        bssBANK0     003A
__pcstackBANK0                     cstackBANK0  0020
__pcstackCOMMON                    cstackCOMMON 0000
__pdataBANK0                       dataBANK0    0030
__pfunctab                         functab      002E
__pidataBANK0                      idataBANK0   00FD
__pintentry                        intentry     0004
__pmaintext                        maintext     0090
__ptext1                           text1        00CE
__ptext10                          text10       0129
__ptext2                           text2        0107
__ptext3                           text3        0119
__ptext4                           text4        010D
__ptext5                           text5        0039
__ptext6                           text6        0113
__ptext7                           text7        011D
__ptext8                           text8        0121
__ptext9                           text9        0125
__size_of__i1fptable               (abs)        0000
_current_position                  bssBANK0     003A
_even_pins_clear_set               text8        0121
_even_pins_set_clear               text9        0125
_func_ptr                          dataBANK0    0030
_main                              maintext     0090
_odd_pins_clear_set                text7        011D
_odd_pins_set_clear                text10       0129
_pair_select                       bssBANK0     0040
_reset_all_pins                    text4        010D
_retrieve_current_position         text3        0119
_set_clear_sequence                bssBANK0     003F
_start_timer                       text1        00CE
_target_OF_num                     dataBANK0    0038
_tmp_set_clear_sequence            bssBANK0     003E
_update_current_position           text2        0107
btemp                              (abs)        005E
end_of_initialization              cinit        002C
fpbase                             (abs)        0000
fptable                            functab      002E
fptotal                            (abs)        0000
i1_reset_all_pins                  text6        0113
i1fpbase                           functab      0034
i1fptable                          functab      002F
i1fptotal                          (abs)        000C
interrupt_function                 intentry     0004
intlevel0                          functab      002E
intlevel1                          functab      002E
intlevel2                          functab      002E
intlevel3                          functab      002E
intlevel4                          functab      002E
intlevel5                          functab      002E
reset_vec                          reset_vec    0000
saved_w                            (abs)        005E
start                              init         000F
start_initialization               cinit        0010
update_current_position@value      cstackBANK0  0029
wtemp0                             (abs)        005E


MODULE INFORMATION

Module		Function		Class		Link	Load	Size
shared
		__i1fptable    		ENTRY          	002F	0000	10
		__initialization		CODE           	0010	0000	28
		i1_reset_all_pins		CODE           	0113	0000	6

shared estimated size: 44

main.c
		_even_pins_clear_set		CODE           	0121	0000	4
		_ISR           		CODE           	0039	0000	87
		_start_timer   		CODE           	00CE	0000	47
		_main          		CODE           	0090	0000	62
		_odd_pins_set_clear		CODE           	0129	0000	4
		_update_current_position		CODE           	0107	0000	6
		_odd_pins_clear_set		CODE           	011D	0000	4
		_retrieve_current_position		CODE           	0119	0000	4
		_reset_all_pins		CODE           	010D	0000	6
		_even_pins_set_clear		CODE           	0125	0000	4

main.c estimated size: 228

