Microchip MPLAB XC8 Compiler V2.36

Linker command line:

-W-3 --edf=/opt/microchip/xc8/v2.36/pic/dat/en_msgs.txt -cn \
  -h+.ca/dist/Config_1/production/controller_mac.X.production.sym \
  --cmf=.ca/dist/Config_1/production/controller_mac.X.production.cmf -z \
  -Q12F675 -o/tmp/xcXbgpjGi --defsym=__MPLAB_BUILD=1 \
  -M.ca/dist/Config_1/production/controller_mac.X.production.map \
  --md=/tmp/xcXePKIEO.dat -E1 -ver=XC8 Compiler --acfsm=1493 \
  -ACODE=00h-03FEh -ASTRCODE=00h-03FEh -ASTRING=00h-0FFhx3,0300h-03FEh \
  -ACONST=00h-0FFhx3,0300h-03FEh -AENTRY=00h-0FFhx3,0300h-03FEh \
  -ABANK0=020h-05Dh -ARAM=020h-05Dh -AABS1=020h-05Fh -ACOMMON=05Eh-05Fh \
  -ASFR0=00h-01Fh -ASFR1=080h-0DDh -ACONFIG=02007h-02007h -DCONFIG=2 \
  -AIDLOC=02000h-02003h -DIDLOC=2 -AEEDATA=00h-07Fh/02100h \
  -peeprom_data=EEDATA -DEEDATA=2 -DCODE=2 -DSTRCODE=2 -DSTRING=2 -DCONST=2 \
  -DENTRY=2 -preset_vec=00h,intentry=04h,init,end_init -ppowerup=CODE \
  -pcinit=CODE -pfunctab=ENTRY -posccal=03FFh -k /tmp/xcXMJmeaL.o \
  .ca/dist/Config_1/production/controller_mac.X.production.o 

Object code version is 3.11

Machine type is 12F675



                Name                               Link     Load   Length Selector   Space Scale
/tmp/xcXMJmeaL.o
                end_init                              F        F        1        8       0
                reset_vec                             0        0        1        0       0
                config                             2007     2007        1        0       4
                idloc                              2000     2000        4        0       5
.ca/dist/Config_1/production/controller_mac.X.production.o
                cinit                                10       10       23        8       0
                functab                              33       33        B       66       0
                intentry                              4        4        B        8       0
                config                             2007     2007        1        0       4
                idloc                              2000     2000        4        0       5
                text23                              3B5      3B5        4      5FC       0
                text22                              3B1      3B1        4      5FC       0
                text21                              3AD      3AD        4      5FC       0
                text20                              3A9      3A9        4      5FC       0
                text19                              391      391        6      5FC       0
                text18                              208      208       45       7C       0
                text17                              341      341        F      5FC       0
                text16                              35E      35E        C      5FC       0
                text15                              38B      38B        6      5FC       0
                text14                              372      372        7      5FC       0
                text13                              3A5      3A5        4      5FC       0
                text12                              385      385        6      5FC       0
                text11                              37F      37F        6      5FC       0
                text10                              3A1      3A1        4      5FC       0
                text9                               39C      39C        5      5FC       0
                text8                               1BC      1BC       4C       7C       0
                text7                               141      141       7B       7C       0
                text6                               397      397        5      5FC       0
                text5                               24D      24D       3D       7C       0
                text4                               32C      32C       15      5FC       0
                text3                                3E       3E      103       7C       0
                text2                               379      379        6      5FC       0
                text1                               28A      28A       3B       7C       0
                maintext                            2FE      2FE       2E      5FC       0
                cstackBANK0                          20       20       17       20       1
                clrtext                             36A      36A        8      5FC       0
                dataBANK0                            37       37        E       20       1
                bssBANK0                             45       45        D       20       1
                strings                             2C5      2C5       39      58A       0
                idataBANK0                          350      350        E      5FC       0

TOTAL           Name                               Link     Load   Length     Space
        CLASS   CODE           
                end_init                              F        F        1         0
                cinit                                10       10       23         0
                intentry                              4        4        B         0
                reset_vec                             0        0        1         0
                text23                              3B5      3B5        4         0
                text22                              3B1      3B1        4         0
                text21                              3AD      3AD        4         0
                text20                              3A9      3A9        4         0
                text19                              391      391        6         0
                text18                              208      208       45         0
                text17                              341      341        F         0
                text16                              35E      35E        C         0
                text15                              38B      38B        6         0
                text14                              372      372        7         0
                text13                              3A5      3A5        4         0
                text12                              385      385        6         0
                text11                              37F      37F        6         0
                text10                              3A1      3A1        4         0
                text9                               39C      39C        5         0
                text8                               1BC      1BC       4C         0
                text7                               141      141       7B         0
                text6                               397      397        5         0
                text5                               24D      24D       3D         0
                text4                               32C      32C       15         0
                text3                                3E       3E      103         0
                text2                               379      379        6         0
                text1                               28A      28A       3B         0
                maintext                            2FE      2FE       2E         0
                clrtext                             36A      36A        8         0
                idataBANK0                          350      350        E         0

        CLASS   STRCODE        

        CLASS   STRING         
                strings                             2C5      2C5       39         0

        CLASS   CONST          

        CLASS   ENTRY          
                functab                              33       33        B         0

        CLASS   BANK0          
                cstackBANK0                          20       20       17         1
                dataBANK0                            37       37        E         1
                bssBANK0                             45       45        D         1

        CLASS   RAM            

        CLASS   ABS1           
                abs_s1                               5E       5E        2         1

        CLASS   COMMON         

        CLASS   SFR0           

        CLASS   SFR1           

        CLASS   CONFIG         
                config                             2007     2007        1         4

        CLASS   IDLOC          
                idloc                              2000     2000        4         5

        CLASS   EEDATA         

        CLASS   BANK1          

        CLASS   STACK          



SEGMENTS        Name                           Load    Length   Top    Selector   Space  Class     Delta

                text3                          00003E  000287  0002C5        7C       0  CODE        2
                cstackBANK0                    000020  000032  000052        20       1  BANK0       1
                reset_vec                      000000  000001  000001         0       0  CODE        2
                strings                        0002C5  000039  0002FE       58A       0  STRING      2
                maintext                       0002FE  0000BB  0003B9       5FC       0  CODE        2
                functab                        000033  00000B  00003E        66       0  ENTRY       2
                intentry                       000004  00002F  000033         8       0  CODE        2


UNUSED ADDRESS RANGES

        Name                Unused          Largest block    Delta
        BANK0            0052-005D              C           1
        CODE             0001-0003              3           2
                         03B9-03FE             46
        CONST            0001-0003              3           2
                         03B9-03FE             46
        EEDATA           2100-217F             80           2
        ENTRY            0001-0003              3           2
                         03B9-03FE             46
        RAM              0052-005D              C           1
        SFR0             0000-001F             20           1
        SFR1             0080-00DD             5E           1
        STRCODE          0001-0003              3           2
                         03B9-03FE             46
        STRING           0001-0003              3           2
                         03B9-03FE             46

                                  Symbol Table

?___awmod                          cstackBANK0  0029
?_divu10                           cstackBANK0  0029
_ADON                              (abs)        00F8
_ANSELbits                         (abs)        009F
_CMCONbits                         (abs)        0019
_CW_CCW_select                     bssBANK0     0051
_GIE                               (abs)        005F
_GPIO0                             (abs)        0028
_GPIO1                             (abs)        0029
_GPIO2                             (abs)        002A
_GPIO3                             (abs)        002B
_GPIO4                             (abs)        002C
_GPIO5                             (abs)        002D
_ISR                               text17       0341
_OF_num_TMR1                       bssBANK0     0049
_PEIE                              (abs)        005E
_PSA                               (abs)        040B
_T0CS                              (abs)        040D
_T1CONbits                         (abs)        0010
_T1OSCEN                           (abs)        0083
_TMR0IE                            (abs)        005D
_TMR1                              (abs)        000E
_TMR1CS                            (abs)        0081
_TMR1GE                            (abs)        0086
_TMR1IE                            (abs)        0460
_TMR1IF                            (abs)        0060
_TMR1ON                            (abs)        0080
_TMR1_ISR                          text18       0208
_TMR1_init                         text16       035E
_TRISIO0                           (abs)        0428
_TRISIO1                           (abs)        0429
_TRISIO2                           (abs)        042A
_TRISIO3                           (abs)        042B
_TRISIO4                           (abs)        042C
_TRISIO5                           (abs)        042D
__Habs1                            abs1         07FE
__Hbank0                           bank0        07FE
__Hbank1                           bank1        07FE
__HbssBANK0                        bssBANK0     07FE
__Hcinit                           cinit        0033
__Hclrtext                         clrtext      07FE
__Hcode                            code         07FE
__Hcommon                          common       07FE
__Hconfig                          config       2008
__HcstackBANK0                     cstackBANK0  07FE
__HcstackCOMMON                    cstackCOMMON 07FE
__HdataBANK0                       dataBANK0    07FE
__Heeprom_data                     eeprom_data  0000
__Hend_init                        end_init     0010
__Hfunctab                         functab      003E
__HidataBANK0                      idataBANK0   07FE
__Hidloc                           idloc        2004
__Hinit                            init         000F
__Hintentry                        intentry     000F
__Hmaintext                        maintext     07FE
__Hosccal                          osccal       03FF
__Hpowerup                         powerup      0000
__Hram                             ram          07FE
__Hreset_vec                       reset_vec    0001
__Hsfr0                            sfr0         07FE
__Hsfr1                            sfr1         07FE
__Hspace_0                         (abs)        07FE
__Hspace_1                         (abs)        07FE
__Hspace_2                         (abs)        07FE
__Hspace_3                         (abs)        0000
__Hspace_4                         (abs)        400F
__Hstack                           stack        07FE
__Hstrings                         strings      07FE
__Htext                            text         07FE
__Labs1                            abs1         07FE
__Lbank0                           bank0        07FE
__Lbank1                           bank1        07FE
__LbssBANK0                        bssBANK0     07FE
__Lcinit                           cinit        0010
__Lclrtext                         clrtext      07FE
__Lcode                            code         07FE
__Lcommon                          common       07FE
__Lconfig                          config       0000
__LcstackBANK0                     cstackBANK0  07FE
__LcstackCOMMON                    cstackCOMMON 07FE
__LdataBANK0                       dataBANK0    07FE
__Leeprom_data                     eeprom_data  0000
__Lend_init                        end_init     000F
__Lfunctab                         functab      0033
__LidataBANK0                      idataBANK0   07FE
__Lidloc                           idloc        0000
__Linit                            init         000F
__Lintentry                        intentry     0004
__Lmaintext                        maintext     07FE
__Losccal                          osccal       03FF
__Lpowerup                         powerup      0000
__Lram                             ram          07FE
__Lreset_vec                       reset_vec    0000
__Lsfr0                            sfr0         07FE
__Lsfr1                            sfr1         07FE
__Lspace_0                         (abs)        0000
__Lspace_1                         (abs)        0000
__Lspace_2                         (abs)        0000
__Lspace_3                         (abs)        0000
__Lspace_4                         (abs)        0000
__Lstack                           stack        07FE
__Lstrings                         strings      07FE
__Ltext                            text         07FE
__S0                               (abs)        03B9
__S1                               (abs)        0052
__S3                               (abs)        0000
___awmod                           text8        01BC
___awmod@counter                   cstackBANK0  002E
___awmod@dividend                  cstackBANK0  002B
___awmod@divisor                   cstackBANK0  0029
___awmod@sign                      cstackBANK0  002F
___int_sp                          stack        07FE
___latbits                         (abs)        0000
___osccal_val                      osccal       03FF
___sp                              stack        07FE
___stackhi                         (abs)        0000
___stacklo                         (abs)        0000
__end_of_ISR                       text17       0350
__end_of_TMR1_ISR                  text18       024D
__end_of_TMR1_init                 text16       036A
__end_of___awmod                   text8        0208
__end_of__i1fptable                functab      003E
__end_of__initialization           cinit        0031
__end_of__stringtab                strings      02CB
__end_of_adc_deinit                text15       0391
__end_of_coil_init                 text14       0379
__end_of_comparator_deinit         text13       03A9
__end_of_divu10                    text7        01BC
__end_of_even_pins_clear_set       text21       03B1
__end_of_even_pins_set_clear       text22       03B5
__end_of_intToASCII                text6        039C
__end_of_interrupt_init            text12       038B
__end_of_main                      maintext     032C
__end_of_odd_pins_clear_set        text20       03AD
__end_of_odd_pins_set_clear        text23       03B9
__end_of_reset_all_pins            text11       0385
__end_of_retrieve_current_position text10       03A5
__end_of_soft_uart_init            text9        03A1
__end_of_soft_uart_send_ALL        text3        0141
__end_of_soft_uart_send_string     text4        0341
__end_of_soft_uart_send_uint8_t    text5        028A
__end_of_start_timer               text1        02C5
__end_of_update_current_position   text2        037F
__end_ofi1_reset_all_pins          text19       0397
__i1fptable                        functab      0034
__initialization                   cinit        0010
__pbssBANK0                        bssBANK0     0045
__pcstackBANK0                     cstackBANK0  0020
__pcstackCOMMON                    cstackCOMMON 0000
__pdataBANK0                       dataBANK0    0037
__pfunctab                         functab      0033
__pidataBANK0                      idataBANK0   0350
__pintentry                        intentry     0004
__pmaintext                        maintext     02FE
__pstrings                         strings      02C5
__ptext1                           text1        028A
__ptext10                          text10       03A1
__ptext11                          text11       037F
__ptext12                          text12       0385
__ptext13                          text13       03A5
__ptext14                          text14       0372
__ptext15                          text15       038B
__ptext16                          text16       035E
__ptext17                          text17       0341
__ptext18                          text18       0208
__ptext19                          text19       0391
__ptext2                           text2        0379
__ptext20                          text20       03A9
__ptext21                          text21       03AD
__ptext22                          text22       03B1
__ptext23                          text23       03B5
__ptext3                           text3        003E
__ptext4                           text4        032C
__ptext5                           text5        024D
__ptext6                           text6        0397
__ptext7                           text7        0141
__ptext8                           text8        01BC
__ptext9                           text9        039C
__size_of__i1fptable               (abs)        0000
__stringbase                       strings      02CA
__stringtab                        strings      02C5
_adc_deinit                        text15       038B
_coil_init                         text14       0372
_comparator_deinit                 text13       03A5
_current_position                  bssBANK0     0047
_divu10                            text7        0141
_even_pins_clear_set               text21       03AD
_even_pins_set_clear               text22       03B1
_first_digit                       bssBANK0     004B
_func_ptr                          dataBANK0    0037
_intToASCII                        text6        0397
_interrupt_init                    text12       0385
_main                              maintext     02FE
_num_steps                         dataBANK0    003F
_odd_pins_clear_set                text20       03A9
_odd_pins_set_clear                text23       03B5
_pair_select                       bssBANK0     0050
_reset_all_pins                    text11       037F
_retrieve_current_position         text10       03A1
_second_digit                      bssBANK0     004C
_set_clear_sequence                bssBANK0     004F
_soft_uart_init                    text9        039C
_soft_uart_send_ALL                text3        003E
_soft_uart_send_string             text4        032C
_soft_uart_send_uint8_t            text5        024D
_start_timer                       text1        028A
_target_OF_num                     dataBANK0    0043
_temp_value                        bssBANK0     0045
_third_digit                       bssBANK0     004D
_tmp_set_clear_sequence            bssBANK0     004E
_update_current_position           text2        0379
btemp                              (abs)        005E
clear_ram0                         clrtext      036A
divu10@n                           cstackBANK0  0029
divu10@q                           cstackBANK0  0031
divu10@r                           cstackBANK0  002F
end_of_initialization              cinit        0031
fpbase                             (abs)        0000
fptable                            functab      0033
fptotal                            (abs)        0000
i1_reset_all_pins                  text19       0391
i1fpbase                           functab      0039
i1fptable                          functab      0034
i1fptotal                          (abs)        000C
intToASCII@num                     cstackBANK0  0029
interrupt_function                 intentry     0004
intlevel0                          functab      0033
intlevel1                          functab      0033
intlevel2                          functab      0033
intlevel3                          functab      0033
intlevel4                          functab      0033
intlevel5                          functab      0033
reset_vec                          reset_vec    0000
saved_w                            (abs)        005E
soft_uart_send_string@i            cstackBANK0  002D
soft_uart_send_string@string       cstackBANK0  002E
soft_uart_send_uint8_t@i           cstackBANK0  002B
soft_uart_send_uint8_t@value       cstackBANK0  002A
start                              init         000F
start_initialization               cinit        0010
update_current_position@value      cstackBANK0  0029
wtemp0                             (abs)        005E


MODULE INFORMATION

Module		Function		Class		Link	Load	Size
coil_control.c
		_even_pins_clear_set		CODE           	03AD	0000	4
		_coil_init     		CODE           	0372	0000	7
		_odd_pins_set_clear		CODE           	03B5	0000	4
		_odd_pins_clear_set		CODE           	03A9	0000	4
		_reset_all_pins		CODE           	037F	0000	6
		_even_pins_set_clear		CODE           	03B1	0000	4

coil_control.c estimated size: 29

comparator_module.c
		_comparator_deinit		CODE           	03A5	0000	4

comparator_module.c estimated size: 4

interrupts.c
		_interrupt_init		CODE           	0385	0000	6

interrupts.c estimated size: 6

tmr1_module.c
		_start_timer   		CODE           	028A	0000	59
		_TMR1_init     		CODE           	035E	0000	12
		_update_current_position		CODE           	0379	0000	6
		_retrieve_current_position		CODE           	03A1	0000	4
		_TMR1_ISR      		CODE           	0208	0000	69

tmr1_module.c estimated size: 150

/opt/microchip/xc8/v2.36/pic/sources/c90/common/awmod.c
		___awmod       		CODE           	01BC	0000	76

/opt/microchip/xc8/v2.36/pic/sources/c90/common/awmod.c estimated size: 76

software_uart.c
		_soft_uart_send_uint8_t		CODE           	024D	0000	61
		_intToASCII    		CODE           	0397	0000	5
		_divu10        		CODE           	0141	0000	123
		_soft_uart_init		CODE           	039C	0000	5
		_soft_uart_send_ALL		CODE           	003E	0000	259
		_soft_uart_send_string		CODE           	032C	0000	21

software_uart.c estimated size: 474

adc_module.c
		_adc_deinit    		CODE           	038B	0000	6

adc_module.c estimated size: 6

shared
		__stringtab    		STRING         	02C5	0000	6
		__i1fptable    		ENTRY          	0034	0000	10
		__initialization		CODE           	0010	0000	33
		i1_reset_all_pins		CODE           	0391	0000	6

shared estimated size: 55

main.c
		_ISR           		CODE           	0341	0000	15
		_main          		CODE           	02FE	0000	46

main.c estimated size: 61

